Processing ./artifacts/runtime/MarkupSafe-3.0.2-cp312-cp312-manylinux_2_17_x86_64.manylinux2014_x86_64.whl
Processing ./artifacts/runtime/PyYAML-6.0.2-cp312-cp312-manylinux_2_17_x86_64.manylinux2014_x86_64.whl
Processing ./artifacts/runtime/argcomplete-3.6.2-py3-none-any.whl
Processing ./artifacts/runtime/attrs-25.3.0-py3-none-any.whl
Processing ./artifacts/runtime/babel-2.18.0-py3-none-any.whl
Processing ./artifacts/runtime/edalize-0.6.2-py3-none-any.whl
Processing ./artifacts/runtime/fastjsonschema-2.21.2-py3-none-any.whl
Processing ./artifacts/runtime/fusesoc-2.4.3-py3-none-any.whl
Processing ./artifacts/runtime/jinja2-3.1.6-py3-none-any.whl
Processing ./artifacts/runtime/jsonschema-4.26.0-py3-none-any.whl
Processing ./artifacts/runtime/jsonschema_specifications-2025.9.1-py3-none-any.whl
Processing ./artifacts/runtime/mako-1.3.10-py3-none-any.whl
Processing ./artifacts/runtime/markdown-3.11-py3-none-any.whl
Processing ./artifacts/runtime/okonomiyaki-0.17.1-py2.py3-none-any.whl
Processing ./artifacts/runtime/packaging-25.0-py3-none-any.whl
Processing ./artifacts/runtime/pip-25.3-py3-none-any.whl
Processing ./artifacts/runtime/pyparsing-3.2.3-py3-none-any.whl
Processing ./artifacts/runtime/referencing-0.37.0-py3-none-any.whl
Processing ./artifacts/runtime/rpds_py-2026.6.3-cp312-cp312-manylinux_2_17_x86_64.manylinux2014_x86_64.whl
Processing ./artifacts/runtime/simplesat-0.9.2-py3-none-any.whl
Processing ./artifacts/runtime/six-1.17.0-py2.py3-none-any.whl
Processing ./artifacts/runtime/typing_extensions-4.16.0-py3-none-any.whl
Processing ./artifacts/runtime/zipfile2-0.0.12-py2.py3-none-any.whl
Processing ./built-tool-wheel/jsonschema2md-1.7.0-cp312-cp312-manylinux_2_39_x86_64.whl
pip is already installed with the same version as the provided wheel. Use --force-reinstall to force an installation of the wheel.
Installing collected packages: zipfile2, okonomiyaki, fastjsonschema, typing-extensions, six, simplesat, rpds-py, referencing, pyyaml, pyparsing, packaging, markupsafe, markdown, mako, jsonschema2md, jsonschema-specifications, jsonschema, jinja2, fusesoc, edalize, babel, attrs, argcomplete

Successfully installed argcomplete-3.6.2 attrs-25.3.0 babel-2.18.0 edalize-0.6.2 fastjsonschema-2.21.2 fusesoc-2.4.3 jinja2-3.1.6 jsonschema-4.26.0 jsonschema-specifications-2025.9.1 jsonschema2md-1.7.0 mako-1.3.10 markdown-3.11 markupsafe-3.0.2 okonomiyaki-0.17.1 packaging-25.0 pyparsing-3.2.3 pyyaml-6.0.2 referencing-0.37.0 rpds-py-2026.6.3 simplesat-0.9.2 six-1.17.0 typing-extensions-4.16.0 zipfile2-0.0.12
