.;
rv32e/ilp32e;@march=rv32e@mabi=ilp32e
rv32ec/ilp32e;@march=rv32ec@mabi=ilp32e
rv32ea/ilp32e;@march=rv32ea@mabi=ilp32e
rv32em/ilp32e;@march=rv32em@mabi=ilp32e
rv32eac/ilp32e;@march=rv32eac@mabi=ilp32e
rv32emac/ilp32e;@march=rv32emac@mabi=ilp32e
rv32i/ilp32;@march=rv32i@mabi=ilp32
rv32ia/ilp32;@march=rv32ia@mabi=ilp32
rv32im/ilp32;@march=rv32im@mabi=ilp32
rv32imc/ilp32;@march=rv32imc@mabi=ilp32
rv32if_zicsr/ilp32f;@march=rv32if_zicsr@mabi=ilp32f
rv32ifd_zicsr/ilp32d;@march=rv32ifd_zicsr@mabi=ilp32d
rv32iaf_zicsr/ilp32f;@march=rv32iaf_zicsr@mabi=ilp32f
rv32iafd_zicsr/ilp32d;@march=rv32iafd_zicsr@mabi=ilp32d
rv32imf_zicsr/ilp32f;@march=rv32imf_zicsr@mabi=ilp32f
rv32imfd_zicsr/ilp32d;@march=rv32imfd_zicsr@mabi=ilp32d
rv32iac/ilp32;@march=rv32iac@mabi=ilp32
rv32imafc_zicsr/ilp32f;@march=rv32imafc_zicsr@mabi=ilp32f
rv32imafdc_zicsr/ilp32d;@march=rv32imafdc_zicsr@mabi=ilp32d
rv64i/lp64;@march=rv64i@mabi=lp64
rv64ia/lp64;@march=rv64ia@mabi=lp64
rv64im/lp64;@march=rv64im@mabi=lp64
rv64if_zicsr/lp64f;@march=rv64if_zicsr@mabi=lp64f
rv64ifd_zicsr/lp64d;@march=rv64ifd_zicsr@mabi=lp64d
rv64iaf_zicsr/lp64f;@march=rv64iaf_zicsr@mabi=lp64f
rv64iafd_zicsr/lp64d;@march=rv64iafd_zicsr@mabi=lp64d
rv64imf_zicsr/lp64f;@march=rv64imf_zicsr@mabi=lp64f
rv64iac/lp64;@march=rv64iac@mabi=lp64
rv64imac/lp64;@march=rv64imac@mabi=lp64
rv64imafc_zicsr/lp64f;@march=rv64imafc_zicsr@mabi=lp64f
rv64imafdc_zicsr/lp64d;@march=rv64imafdc_zicsr@mabi=lp64d
