LOCKED_ARTIFACT build anyio==4.15.1 6152fdbbf9a77fdec97731721bebf7c4c44f7c29b424b0065826173efc7ed101
LOCKED_ARTIFACT build babel==2.17.0 4d0b53093fdfb4b21c92b5213dba5a1b23885afa8383709427046b21c366e5f2
LOCKED_ARTIFACT build build==1.6.1 ecd351a4be9d35a9eaaba244a7687143c9c7d4aea6ac964e7e7ddab20cbcf4e7
LOCKED_ARTIFACT build cachecontrol==0.14.4 b7ac014ff72ee199b5f8af1de29d60239954f223e948196fa3d84adaffc71d2b
LOCKED_ARTIFACT build certifi==2026.7.22 62f22742b58a1a33014a2b6b706588a8d7e2a88ae7bd1a6ebe8c992928483775
LOCKED_ARTIFACT build cffi==2.1.1 c1453022f490d2459a11819d83ad1d586e9ff65a12ac3e705ffebd46d3685dcf
LOCKED_ARTIFACT build charset-normalizer==3.5.2 3d31298449090ab8d47b7b1b2a555ff73cac7ed438a08b7ac160980c7ebed649
LOCKED_ARTIFACT build cleo==2.1.0 4a31bd4dd45695a64ee3c4758f583f134267c2bc518d8ae9a29cf237d009b07e
LOCKED_ARTIFACT build crashtest==0.4.1 8d23eac5fa660409f57472e3851dab7ac18aba459a8d19cbbba86d3d5aecd2a5
LOCKED_ARTIFACT build cryptography==50.0.2 630ebfea3bf689d075f82316324ff7433dc447fe6bc1bfc76524b74b4a9567d2
LOCKED_ARTIFACT build distlib==0.4.3 4b0ce306c966eb73bc3a7b6abad017c556dadd92c44701562cd528ac7fde4d5b
LOCKED_ARTIFACT build dulwich==0.24.10 d9793fc1e42149a650a017dc8ce38485368a41729b9937e1dfcfedd0591ebe9d
LOCKED_ARTIFACT build dunamai==1.26.2 4234be3a90c3ec13ecf75d94a2248068e5a3018e8112892fcd9f3a1f287c9c32
LOCKED_ARTIFACT build fastjsonschema==2.22.2 0fb3915616adac85ccfdd737d26be1089845d2019819505b42d39888458f74d4
LOCKED_ARTIFACT build filelock==4.0.9 9287fd61b99a806e5202be29a83034c0808a1b9830e820537c2f5773981f7eeb
LOCKED_ARTIFACT build findpython==0.7.1 1b78b1ff6e886cbddeffe80f8ecdbf2b8b061169bbd18b673070e26b644c51ac
LOCKED_ARTIFACT build h11==0.16.0 63cf8bbe7522de3bf65932fda1d9c2772064ffb3dae62d55932da54b31cb6c86
LOCKED_ARTIFACT build httpcore==1.0.9 2d400746a40668fc9dec9810239072b40b4484b640a8c38fd654a024c7a1bf55
LOCKED_ARTIFACT build httpx==0.28.1 d909fcccc110f8c7faf814ca82a9a4d816bc5a6dbfea25d6591d6985b8ba59ad
LOCKED_ARTIFACT build idna==3.20 ab7ae7122974553370f0bdb919e1a960b2cd1bc1ef0276416d896db81c14582c
LOCKED_ARTIFACT build installer==0.7.0 05d1933f0a5ba7d8d6296bb6d5018e7c94fa473ceb10cf198a92ccea19c27b53
LOCKED_ARTIFACT build jaraco-classes==3.4.0 f662826b6bed8cace05e7ff873ce0f9283b5c924470fe664fff1c2f00f581790
LOCKED_ARTIFACT build jaraco-context==6.1.2 bf8150b79a2d5d91ae48629d8b427a8f7ba0e1097dd6202a9059f29a36379535
LOCKED_ARTIFACT build jaraco-functools==4.6.0 99e3dc0060c5cbe8fcd1cdb36258e2a65ca40f1566b2033b12abb1bb44dd3c30
LOCKED_ARTIFACT build jeepney==0.9.0 97e5714520c16fc0a45695e5365a2e11b81ea79bba796e26f9f1d178cb182683
LOCKED_ARTIFACT build jinja2==3.1.6 85ece4451f492d0c13c5dd7c13a64681a86afae63a5f347908daf103ce6d2f67
LOCKED_ARTIFACT build keyring==25.7.0 be4a0b195f149690c166e850609a477c532ddbfbaed96a404d4e43f8d5e2689f
LOCKED_ARTIFACT build markupsafe==3.0.3 d6dd0be5b5b189d31db7cda48b91d7e0a9795f31430b7f271219ab30f1d3ac9d
LOCKED_ARTIFACT build more-itertools==11.1.0 4b65538ae22f6fed0ce4874efd317463a7489796a0939fa66824dd542125a192
LOCKED_ARTIFACT build msgpack==1.2.3 ede33b2892ceb976283e009ad12fa1834cfdf1f9c43ee9c97849fc588d00a618
LOCKED_ARTIFACT build packaging==26.3 d7193f7c8e4e93f444fde0262bf90af30e16fa0ad0ad44cb553c87339b23cd1c
LOCKED_ARTIFACT build pbs-installer==2025.12.17 1a899ac5af9ca4c59a7a7944ec3fcf7ad7e40d5684b12eadcfbeee7c59d44123
LOCKED_ARTIFACT build pip==25.3 9655943313a94722b7774661c21049070f6bbb0a1516bf02f7c8d5d9201514cd
LOCKED_ARTIFACT build pkginfo==1.13 37e1bfb7b5b149829e6f140a225b517c4c8808d8d164f68137b9492023874061
LOCKED_ARTIFACT build platformdirs==4.12.2 29dbf06d96c500bc6bdbce75fb0a14d63279c93b1842f97e72a135b33e856983
LOCKED_ARTIFACT build poetry==2.2.1 f5958b908b96c5824e2acbb8b19cdef8a3351c62142d7ecff2d705396c8ca34c
LOCKED_ARTIFACT build poetry-core==2.2.1 bdfce710edc10bfcf9ab35041605c480829be4ab23f5bc01202cfe5db8f125ab
LOCKED_ARTIFACT build poetry-dynamic-versioning==1.9.1 65a0c814e6d30d4807734a3c34edf261fd7cc3b340dbd23b6a33ee41f7d0b547
LOCKED_ARTIFACT build pycparser==3.0 b727414169a36b7d524c1c3e31839a521725078d7b2ff038656844266160a992
LOCKED_ARTIFACT build pyproject-hooks==1.3.3 5fc53fdac9f7bd63fbcdc868fb5f90b4784d78a53a3d3388cd738b807441a20b
LOCKED_ARTIFACT build python-discovery==1.6.1 d43fcdef879fe795352bd13ccf8d185ba5a9f86f36cfcd00529f596e737442b3
LOCKED_ARTIFACT build rapidfuzz==3.14.6 0debb5f43662ea84d2f0228a0c7407ff647f9c3d13f3b692efff0cde46eebce0
LOCKED_ARTIFACT build requests==2.34.2 2a0d60c172f83ac6ab31e4554906c0f3b3588d37b5cb939b1c061f4907e278e0
LOCKED_ARTIFACT build requests-toolbelt==1.0.0 cccfdd665f0a24fcf4726e690f65639d272bb0637b9b92dfd91a5568ccf6bd06
LOCKED_ARTIFACT build secretstorage==3.5.0 0ce65888c0725fcb2c5bc0fdb8e5438eece02c523557ea40ce0703c266248137
LOCKED_ARTIFACT build shellingham==1.5.4 7ecfff8f2fd72616f7481040475a65b2bf8af90a56c89140852d1120324e8686
LOCKED_ARTIFACT build tomlkit==0.15.1 177a05aece5a8ca5266fd3c448abb47b8d352f09d477d3ca8332db4d89b24304
LOCKED_ARTIFACT build trove-classifiers==2026.9.21.13 8b1ff4f9c191b1040b71c37f1e445ab99732911e3cd91de52838453a854d7a17
LOCKED_ARTIFACT build typing-extensions==4.16.0 481caa481374e813c1b176ada14e97f1f67a4539ce9cfeb3f350d78d6370c2e8
LOCKED_ARTIFACT build urllib3==2.8.0 0cf3cae568d36aa9576b28dfb35f11328f1cb974ca7647d9475ebb86c75ac6e3
LOCKED_ARTIFACT build virtualenv==21.14.5 b0651e0174982bba17cc6f0aaa2ef496730cb85a3f35eb5d1119d1c904f7d1da
LOCKED_ARTIFACT build zstandard==0.25.0 5a56ba0db2d244117ed744dfa8f6f5b366e14148e00de44723413b2f3938a902
LOCKED_ARTIFACT runtime argcomplete==3.6.2 65b3133a29ad53fb42c48cf5114752c7ab66c1c38544fdf6460f450c09b42591
LOCKED_ARTIFACT runtime attrs==25.3.0 427318ce031701fea540783410126f03899a97ffc6f61596ad581ac2e40e3bc3
LOCKED_ARTIFACT runtime babel==2.18.0 e2b422b277c2b9a9630c1d7903c2a00d0830c409c59ac8cae9081c92f1aeba35
LOCKED_ARTIFACT runtime edalize==0.6.2 da1795478f3443b5e9d7208a1871247c16f072b34fcea2d59088c9b2812ce975
LOCKED_ARTIFACT runtime fastjsonschema==2.21.2 1c797122d0a86c5cace2e54bf4e819c36223b552017172f32c5c024a6b77e463
LOCKED_ARTIFACT runtime fusesoc==2.4.3 9ab4a82a5b7d4decbeb8f76049673a1b0806732ab8f807fee285bbc0452b3dc3
LOCKED_ARTIFACT runtime jinja2==3.1.6 85ece4451f492d0c13c5dd7c13a64681a86afae63a5f347908daf103ce6d2f67
LOCKED_ARTIFACT runtime jsonschema==4.26.0 d489f15263b8d200f8387e64b4c3a75f06629559fb73deb8fdfb525f2dab50ce
LOCKED_ARTIFACT runtime jsonschema-specifications==2025.9.1 98802fee3a11ee76ecaca44429fda8a41bff98b00a0f2838151b113f210cc6fe
LOCKED_ARTIFACT runtime jsonschema2md==1.7.0 d69a5b011bf355c005e3c18be4515ae46d2689b38b593ced8d03c5ab66ddbaf3
LOCKED_ARTIFACT runtime mako==1.3.10 baef24a52fc4fc514a0887ac600f9f1cff3d82c61d4d700a1fa84d597b88db59
LOCKED_ARTIFACT runtime markdown==3.11 cd6c89e7eb308c8b332ed673215a52d208a43f8bacc030b1419376129408719e
LOCKED_ARTIFACT runtime markupsafe==3.0.2 e17c96c14e19278594aa4841ec148115f9c7615a47382ecb6b82bd8fea3ab0c8
LOCKED_ARTIFACT runtime okonomiyaki==0.17.1 5e490e5c3e5cf8bb316578f3b79ac868a89e261312a2e88c874311bcd8c7ef23
LOCKED_ARTIFACT runtime packaging==25.0 29572ef2b1f17581046b3a2227d5c611fb25ec70ca1ba8554b24b0e69331a484
LOCKED_ARTIFACT runtime pip==25.3 9655943313a94722b7774661c21049070f6bbb0a1516bf02f7c8d5d9201514cd
LOCKED_ARTIFACT runtime pyparsing==3.2.3 a749938e02d6fd0b59b356ca504a24982314bb090c383e3cf201c95ef7e2bfcf
LOCKED_ARTIFACT runtime pyyaml==6.0.2 80bab7bfc629882493af4aa31a4cfa43a4c57c83813253626916b8c7ada83476
LOCKED_ARTIFACT runtime referencing==0.37.0 381329a9f99628c9069361716891d34ad94af76e461dcb0335825aecc7692231
LOCKED_ARTIFACT runtime rpds-py==2026.6.3 ecabd69db66de867690f9797f2f8fa27ba501bbc24540cbdbdc649cd15888ba6
LOCKED_ARTIFACT runtime simplesat==0.9.2 dde724538ccc5bddfdf57aa366cfb0cec0e3cae8c5d1ebc56f4cfb47948a8f97
LOCKED_ARTIFACT runtime six==1.17.0 4721f391ed90541fddacab5acf947aa0d3dc7d27b2e1e8eda2be8970586c3274
LOCKED_ARTIFACT runtime typing-extensions==4.16.0 481caa481374e813c1b176ada14e97f1f67a4539ce9cfeb3f350d78d6370c2e8
LOCKED_ARTIFACT runtime zipfile2==0.0.12 b9adf577d825461480e485027116c035f666b72ac3911af71aa93da6e0579eb8
