Looking in links: /home/runner/work/ibex-fetch-error-observability/ibex-fetch-error-observability/stock_profile/_sources/tools/wheels
Processing /home/runner/work/ibex-fetch-error-observability/ibex-fetch-error-observability/stock_profile/_sources/tools/wheels/jinja2-3.1.6-py3-none-any.whl (from -r /home/runner/work/ibex-fetch-error-observability/ibex-fetch-error-observability/stock_profile/requirements.lock (line 2))
Processing /home/runner/work/ibex-fetch-error-observability/ibex-fetch-error-observability/stock_profile/_sources/tools/wheels/markdown-3.9-py3-none-any.whl (from -r /home/runner/work/ibex-fetch-error-observability/ibex-fetch-error-observability/stock_profile/requirements.lock (line 3))
Processing /home/runner/work/ibex-fetch-error-observability/ibex-fetch-error-observability/stock_profile/_sources/tools/wheels/markupsafe-3.0.3-cp312-cp312-manylinux2014_x86_64.manylinux_2_17_x86_64.manylinux_2_28_x86_64.whl (from -r /home/runner/work/ibex-fetch-error-observability/ibex-fetch-error-observability/stock_profile/requirements.lock (line 4))
Processing /home/runner/work/ibex-fetch-error-observability/ibex-fetch-error-observability/stock_profile/_sources/tools/wheels/pyyaml-6.0.3-cp312-cp312-manylinux2014_x86_64.manylinux_2_17_x86_64.manylinux_2_28_x86_64.whl (from -r /home/runner/work/ibex-fetch-error-observability/ibex-fetch-error-observability/stock_profile/requirements.lock (line 5))
Processing /home/runner/work/ibex-fetch-error-observability/ibex-fetch-error-observability/stock_profile/_sources/tools/wheels/argcomplete-3.6.3-py3-none-any.whl (from -r /home/runner/work/ibex-fetch-error-observability/ibex-fetch-error-observability/stock_profile/requirements.lock (line 6))
Processing /home/runner/work/ibex-fetch-error-observability/ibex-fetch-error-observability/stock_profile/_sources/tools/wheels/attrs-25.4.0-py3-none-any.whl (from -r /home/runner/work/ibex-fetch-error-observability/ibex-fetch-error-observability/stock_profile/requirements.lock (line 7))
Processing /home/runner/work/ibex-fetch-error-observability/ibex-fetch-error-observability/stock_profile/_sources/tools/wheels/babel-2.17.0-py3-none-any.whl (from -r /home/runner/work/ibex-fetch-error-observability/ibex-fetch-error-observability/stock_profile/requirements.lock (line 8))
Processing /home/runner/work/ibex-fetch-error-observability/ibex-fetch-error-observability/stock_profile/_sources/tools/wheels/distro-1.9.0-py3-none-any.whl (from -r /home/runner/work/ibex-fetch-error-observability/ibex-fetch-error-observability/stock_profile/requirements.lock (line 9))
Processing /home/runner/work/ibex-fetch-error-observability/ibex-fetch-error-observability/stock_profile/_sources/tools/wheels/edalize-0.6.0-py3-none-any.whl (from -r /home/runner/work/ibex-fetch-error-observability/ibex-fetch-error-observability/stock_profile/requirements.lock (line 10))
Processing /home/runner/work/ibex-fetch-error-observability/ibex-fetch-error-observability/stock_profile/_sources/tools/wheels/fastjsonschema-2.21.2-py3-none-any.whl (from -r /home/runner/work/ibex-fetch-error-observability/ibex-fetch-error-observability/stock_profile/requirements.lock (line 11))
Processing /home/runner/work/ibex-fetch-error-observability/ibex-fetch-error-observability/stock_profile/_sources/tools/wheels/fusesoc-2.4.3-py3-none-any.whl (from -r /home/runner/work/ibex-fetch-error-observability/ibex-fetch-error-observability/stock_profile/requirements.lock (line 12))
Processing /home/runner/work/ibex-fetch-error-observability/ibex-fetch-error-observability/stock_profile/_sources/tools/wheels/jsonschema-4.25.1-py3-none-any.whl (from -r /home/runner/work/ibex-fetch-error-observability/ibex-fetch-error-observability/stock_profile/requirements.lock (line 13))
Processing /home/runner/work/ibex-fetch-error-observability/ibex-fetch-error-observability/stock_profile/_sources/tools/wheels/jsonschema_specifications-2025.9.1-py3-none-any.whl (from -r /home/runner/work/ibex-fetch-error-observability/ibex-fetch-error-observability/stock_profile/requirements.lock (line 14))
Processing /home/runner/work/ibex-fetch-error-observability/ibex-fetch-error-observability/stock_profile/_sources/tools/wheels/jsonschema2md-1.5.2-py3-none-any.whl (from -r /home/runner/work/ibex-fetch-error-observability/ibex-fetch-error-observability/stock_profile/requirements.lock (line 15))
Processing /home/runner/work/ibex-fetch-error-observability/ibex-fetch-error-observability/stock_profile/_sources/tools/wheels/okonomiyaki-1.4.0-py2.py3-none-any.whl (from -r /home/runner/work/ibex-fetch-error-observability/ibex-fetch-error-observability/stock_profile/requirements.lock (line 16))
Processing /home/runner/work/ibex-fetch-error-observability/ibex-fetch-error-observability/stock_profile/_sources/tools/wheels/packaging-25.0-py3-none-any.whl (from -r /home/runner/work/ibex-fetch-error-observability/ibex-fetch-error-observability/stock_profile/requirements.lock (line 17))
Requirement already satisfied: pip==25.0.1 in /home/runner/work/ibex-fetch-error-observability/ibex-fetch-error-observability/stock_profile/_sources/tools/venv/lib/python3.12/site-packages (from -r /home/runner/work/ibex-fetch-error-observability/ibex-fetch-error-observability/stock_profile/requirements.lock (line 18)) (25.0.1)
Processing /home/runner/work/ibex-fetch-error-observability/ibex-fetch-error-observability/stock_profile/_sources/tools/wheels/pyparsing-3.2.5-py3-none-any.whl (from -r /home/runner/work/ibex-fetch-error-observability/ibex-fetch-error-observability/stock_profile/requirements.lock (line 19))
Processing /home/runner/work/ibex-fetch-error-observability/ibex-fetch-error-observability/stock_profile/_sources/tools/wheels/referencing-0.36.2-py3-none-any.whl (from -r /home/runner/work/ibex-fetch-error-observability/ibex-fetch-error-observability/stock_profile/requirements.lock (line 20))
Processing /home/runner/work/ibex-fetch-error-observability/ibex-fetch-error-observability/stock_profile/_sources/tools/wheels/rpds_py-0.27.1-cp312-cp312-manylinux_2_17_x86_64.manylinux2014_x86_64.whl (from -r /home/runner/work/ibex-fetch-error-observability/ibex-fetch-error-observability/stock_profile/requirements.lock (line 21))
Processing /home/runner/work/ibex-fetch-error-observability/ibex-fetch-error-observability/stock_profile/_sources/tools/wheels/simplesat-0.9.2-py3-none-any.whl (from -r /home/runner/work/ibex-fetch-error-observability/ibex-fetch-error-observability/stock_profile/requirements.lock (line 22))
Processing /home/runner/work/ibex-fetch-error-observability/ibex-fetch-error-observability/stock_profile/_sources/tools/wheels/six-1.17.0-py2.py3-none-any.whl (from -r /home/runner/work/ibex-fetch-error-observability/ibex-fetch-error-observability/stock_profile/requirements.lock (line 23))
Processing /home/runner/work/ibex-fetch-error-observability/ibex-fetch-error-observability/stock_profile/_sources/tools/wheels/typing_extensions-4.15.0-py3-none-any.whl (from -r /home/runner/work/ibex-fetch-error-observability/ibex-fetch-error-observability/stock_profile/requirements.lock (line 24))
Processing /home/runner/work/ibex-fetch-error-observability/ibex-fetch-error-observability/stock_profile/_sources/tools/wheels/zipfile2-0.0.12-py2.py3-none-any.whl (from -r /home/runner/work/ibex-fetch-error-observability/ibex-fetch-error-observability/stock_profile/requirements.lock (line 25))
INFO: pip is looking at multiple versions of jsonschema2md to determine which version is compatible with other requirements. This could take a while.

The conflict is caused by:
    The user requested PyYAML==6.0.3
    fusesoc 2.4.3 depends on pyyaml>=6.0
    jsonschema2md 1.5.2 depends on PyYAML==6.0.2

To fix this you could try to:
1. loosen the range of package versions you've specified
2. remove package versions to allow pip to attempt to solve the dependency conflict

