Collecting fusesoc==2.4.3
  Downloading fusesoc-2.4.3-py3-none-any.whl.metadata (6.5 kB)
Collecting edalize==0.6.8
  Downloading edalize-0.6.8-py3-none-any.whl.metadata (8.2 kB)
Collecting pyparsing>=2.3.1 (from fusesoc==2.4.3)
  Downloading pyparsing-3.3.3-py3-none-any.whl.metadata (5.9 kB)
Collecting pyyaml>=6.0 (from fusesoc==2.4.3)
  Downloading pyyaml-6.0.3-cp312-cp312-manylinux2014_x86_64.manylinux_2_17_x86_64.manylinux_2_28_x86_64.whl.metadata (2.4 kB)
Collecting simplesat>=0.9.1 (from fusesoc==2.4.3)
  Downloading simplesat-0.9.2-py3-none-any.whl.metadata (9.5 kB)
Collecting fastjsonschema (from fusesoc==2.4.3)
  Downloading fastjsonschema-2.22.2-py3-none-any.whl.metadata (2.1 kB)
Collecting jsonschema2md (from fusesoc==2.4.3)
  Downloading jsonschema2md-1.7.0.tar.gz (20 kB)
  Installing build dependencies: started
  Installing build dependencies: finished with status 'done'
  Getting requirements to build wheel: started
  Getting requirements to build wheel: finished with status 'done'
  Preparing metadata (pyproject.toml): started
  Preparing metadata (pyproject.toml): finished with status 'done'
Collecting argcomplete (from fusesoc==2.4.3)
  Downloading argcomplete-3.7.2-py3-none-any.whl.metadata (16 kB)
Collecting Jinja2>=3 (from edalize==0.6.8)
  Downloading jinja2-3.1.6-py3-none-any.whl.metadata (2.9 kB)
Collecting MarkupSafe>=2.0 (from Jinja2>=3->edalize==0.6.8)
  Downloading markupsafe-3.0.3-cp312-cp312-manylinux2014_x86_64.manylinux_2_17_x86_64.manylinux_2_28_x86_64.whl.metadata (2.7 kB)
Collecting attrs>=17.4.0 (from simplesat>=0.9.1->fusesoc==2.4.3)
  Downloading attrs-26.1.0-py3-none-any.whl.metadata (8.8 kB)
Collecting okonomiyaki>=0.16.6 (from simplesat>=0.9.1->fusesoc==2.4.3)
  Downloading okonomiyaki-3.0.0-py2.py3-none-any.whl.metadata (16 kB)
Collecting six>=1.10.0 (from simplesat>=0.9.1->fusesoc==2.4.3)
  Downloading six-1.17.0-py2.py3-none-any.whl.metadata (1.7 kB)
Collecting babel<3,>=2 (from jsonschema2md->fusesoc==2.4.3)
  Downloading babel-2.18.0-py3-none-any.whl.metadata (2.2 kB)
Collecting markdown<4,>=3 (from jsonschema2md->fusesoc==2.4.3)
  Downloading markdown-3.11-py3-none-any.whl.metadata (5.1 kB)
Downloading fusesoc-2.4.3-py3-none-any.whl (60 kB)
Downloading edalize-0.6.8-py3-none-any.whl (179 kB)
Downloading jinja2-3.1.6-py3-none-any.whl (134 kB)
Downloading markupsafe-3.0.3-cp312-cp312-manylinux2014_x86_64.manylinux_2_17_x86_64.manylinux_2_28_x86_64.whl (22 kB)
Downloading pyparsing-3.3.3-py3-none-any.whl (126 kB)
Downloading pyyaml-6.0.3-cp312-cp312-manylinux2014_x86_64.manylinux_2_17_x86_64.manylinux_2_28_x86_64.whl (807 kB)
   ━━━━━━━━━━━━━━━━━━━━━━━━━━━━━━━━━━━━━━━━ 807.9/807.9 kB 80.1 MB/s  0:00:00
Downloading simplesat-0.9.2-py3-none-any.whl (249 kB)
Downloading attrs-26.1.0-py3-none-any.whl (67 kB)
Downloading okonomiyaki-3.0.0-py2.py3-none-any.whl (8.4 MB)
   ━━━━━━━━━━━━━━━━━━━━━━━━━━━━━━━━━━━━━━━━ 8.4/8.4 MB 101.0 MB/s  0:00:00
Downloading six-1.17.0-py2.py3-none-any.whl (11 kB)
Downloading argcomplete-3.7.2-py3-none-any.whl (43 kB)
Downloading fastjsonschema-2.22.2-py3-none-any.whl (27 kB)
Downloading babel-2.18.0-py3-none-any.whl (10.2 MB)
   ━━━━━━━━━━━━━━━━━━━━━━━━━━━━━━━━━━━━━━━━ 10.2/10.2 MB 169.0 MB/s  0:00:00
Downloading markdown-3.11-py3-none-any.whl (111 kB)
Building wheels for collected packages: jsonschema2md
  Building wheel for jsonschema2md (pyproject.toml): started
  Building wheel for jsonschema2md (pyproject.toml): finished with status 'done'
  Created wheel for jsonschema2md: filename=jsonschema2md-1.7.0-cp312-cp312-linux_x86_64.whl size=31456 sha256=804dddccc51ebccd1ae4247ca6cb87fc0f5a491f366f4debe0cfe3443d481df4
  Stored in directory: /tmp/pip-ephem-wheel-cache-vhz9ack0/wheels/32/24/0e/044705bb83e5fc372441e356a18254c55707986f4b654fcfd0
Successfully built jsonschema2md
Installing collected packages: six, pyyaml, pyparsing, okonomiyaki, MarkupSafe, markdown, fastjsonschema, babel, attrs, argcomplete, simplesat, jsonschema2md, Jinja2, edalize, fusesoc

Successfully installed Jinja2-3.1.6 MarkupSafe-3.0.3 argcomplete-3.7.2 attrs-26.1.0 babel-2.18.0 edalize-0.6.8 fastjsonschema-2.22.2 fusesoc-2.4.3 jsonschema2md-1.7.0 markdown-3.11 okonomiyaki-3.0.0 pyparsing-3.3.3 pyyaml-6.0.3 simplesat-0.9.2 six-1.17.0
