Looking in links: /tmp/rvfi-nextpc-37065546781/artifacts/build
Processing ./artifacts/build/anyio-4.15.1-py3-none-any.whl (from -r /home/runner/work/ibex-fetch-error-observability/ibex-fetch-error-observability/rvfi_nextpc/build-requirements.txt (line 3))
Processing ./artifacts/build/babel-2.17.0-py3-none-any.whl (from -r /home/runner/work/ibex-fetch-error-observability/ibex-fetch-error-observability/rvfi_nextpc/build-requirements.txt (line 4))
Processing ./artifacts/build/build-1.6.1-py3-none-any.whl (from -r /home/runner/work/ibex-fetch-error-observability/ibex-fetch-error-observability/rvfi_nextpc/build-requirements.txt (line 5))
Processing ./artifacts/build/cachecontrol-0.14.4-py3-none-any.whl (from -r /home/runner/work/ibex-fetch-error-observability/ibex-fetch-error-observability/rvfi_nextpc/build-requirements.txt (line 6))
Processing ./artifacts/build/certifi-2026.7.22-py3-none-any.whl (from -r /home/runner/work/ibex-fetch-error-observability/ibex-fetch-error-observability/rvfi_nextpc/build-requirements.txt (line 7))
Processing ./artifacts/build/cffi-2.1.1-cp312-cp312-manylinux2014_x86_64.manylinux_2_17_x86_64.whl (from -r /home/runner/work/ibex-fetch-error-observability/ibex-fetch-error-observability/rvfi_nextpc/build-requirements.txt (line 8))
Processing ./artifacts/build/charset_normalizer-3.5.2-cp312-cp312-manylinux2014_x86_64.manylinux_2_17_x86_64.manylinux_2_28_x86_64.whl (from -r /home/runner/work/ibex-fetch-error-observability/ibex-fetch-error-observability/rvfi_nextpc/build-requirements.txt (line 9))
Processing ./artifacts/build/cleo-2.1.0-py3-none-any.whl (from -r /home/runner/work/ibex-fetch-error-observability/ibex-fetch-error-observability/rvfi_nextpc/build-requirements.txt (line 10))
Processing ./artifacts/build/crashtest-0.4.1-py3-none-any.whl (from -r /home/runner/work/ibex-fetch-error-observability/ibex-fetch-error-observability/rvfi_nextpc/build-requirements.txt (line 11))
Processing ./artifacts/build/cryptography-50.0.2-cp311-abi3-manylinux2014_x86_64.manylinux_2_17_x86_64.whl (from -r /home/runner/work/ibex-fetch-error-observability/ibex-fetch-error-observability/rvfi_nextpc/build-requirements.txt (line 12))
Processing ./artifacts/build/distlib-0.4.3-py2.py3-none-any.whl (from -r /home/runner/work/ibex-fetch-error-observability/ibex-fetch-error-observability/rvfi_nextpc/build-requirements.txt (line 13))
Processing ./artifacts/build/dulwich-0.24.10-cp312-cp312-manylinux_2_28_x86_64.whl (from -r /home/runner/work/ibex-fetch-error-observability/ibex-fetch-error-observability/rvfi_nextpc/build-requirements.txt (line 14))
Processing ./artifacts/build/dunamai-1.26.2-py3-none-any.whl (from -r /home/runner/work/ibex-fetch-error-observability/ibex-fetch-error-observability/rvfi_nextpc/build-requirements.txt (line 15))
Processing ./artifacts/build/fastjsonschema-2.22.2-py3-none-any.whl (from -r /home/runner/work/ibex-fetch-error-observability/ibex-fetch-error-observability/rvfi_nextpc/build-requirements.txt (line 16))
Processing ./artifacts/build/filelock-4.0.9-py3-none-any.whl (from -r /home/runner/work/ibex-fetch-error-observability/ibex-fetch-error-observability/rvfi_nextpc/build-requirements.txt (line 17))
Processing ./artifacts/build/findpython-0.7.1-py3-none-any.whl (from -r /home/runner/work/ibex-fetch-error-observability/ibex-fetch-error-observability/rvfi_nextpc/build-requirements.txt (line 18))
Processing ./artifacts/build/h11-0.16.0-py3-none-any.whl (from -r /home/runner/work/ibex-fetch-error-observability/ibex-fetch-error-observability/rvfi_nextpc/build-requirements.txt (line 19))
Processing ./artifacts/build/httpcore-1.0.9-py3-none-any.whl (from -r /home/runner/work/ibex-fetch-error-observability/ibex-fetch-error-observability/rvfi_nextpc/build-requirements.txt (line 20))
Processing ./artifacts/build/httpx-0.28.1-py3-none-any.whl (from -r /home/runner/work/ibex-fetch-error-observability/ibex-fetch-error-observability/rvfi_nextpc/build-requirements.txt (line 21))
Processing ./artifacts/build/idna-3.20-py3-none-any.whl (from -r /home/runner/work/ibex-fetch-error-observability/ibex-fetch-error-observability/rvfi_nextpc/build-requirements.txt (line 22))
Processing ./artifacts/build/installer-0.7.0-py3-none-any.whl (from -r /home/runner/work/ibex-fetch-error-observability/ibex-fetch-error-observability/rvfi_nextpc/build-requirements.txt (line 23))
Processing ./artifacts/build/jaraco.classes-3.4.0-py3-none-any.whl (from -r /home/runner/work/ibex-fetch-error-observability/ibex-fetch-error-observability/rvfi_nextpc/build-requirements.txt (line 24))
Processing ./artifacts/build/jaraco_context-6.1.2-py3-none-any.whl (from -r /home/runner/work/ibex-fetch-error-observability/ibex-fetch-error-observability/rvfi_nextpc/build-requirements.txt (line 25))
Processing ./artifacts/build/jaraco_functools-4.6.0-py3-none-any.whl (from -r /home/runner/work/ibex-fetch-error-observability/ibex-fetch-error-observability/rvfi_nextpc/build-requirements.txt (line 26))
Processing ./artifacts/build/jeepney-0.9.0-py3-none-any.whl (from -r /home/runner/work/ibex-fetch-error-observability/ibex-fetch-error-observability/rvfi_nextpc/build-requirements.txt (line 27))
Processing ./artifacts/build/jinja2-3.1.6-py3-none-any.whl (from -r /home/runner/work/ibex-fetch-error-observability/ibex-fetch-error-observability/rvfi_nextpc/build-requirements.txt (line 28))
Processing ./artifacts/build/keyring-25.7.0-py3-none-any.whl (from -r /home/runner/work/ibex-fetch-error-observability/ibex-fetch-error-observability/rvfi_nextpc/build-requirements.txt (line 29))
Processing ./artifacts/build/markupsafe-3.0.3-cp312-cp312-manylinux2014_x86_64.manylinux_2_17_x86_64.manylinux_2_28_x86_64.whl (from -r /home/runner/work/ibex-fetch-error-observability/ibex-fetch-error-observability/rvfi_nextpc/build-requirements.txt (line 30))
Processing ./artifacts/build/more_itertools-11.1.0-py3-none-any.whl (from -r /home/runner/work/ibex-fetch-error-observability/ibex-fetch-error-observability/rvfi_nextpc/build-requirements.txt (line 31))
Processing ./artifacts/build/msgpack-1.2.3-cp312-cp312-manylinux2014_x86_64.manylinux_2_17_x86_64.manylinux_2_28_x86_64.whl (from -r /home/runner/work/ibex-fetch-error-observability/ibex-fetch-error-observability/rvfi_nextpc/build-requirements.txt (line 32))
Processing ./artifacts/build/packaging-26.3-py3-none-any.whl (from -r /home/runner/work/ibex-fetch-error-observability/ibex-fetch-error-observability/rvfi_nextpc/build-requirements.txt (line 33))
Processing ./artifacts/build/pbs_installer-2025.12.17-py3-none-any.whl (from -r /home/runner/work/ibex-fetch-error-observability/ibex-fetch-error-observability/rvfi_nextpc/build-requirements.txt (line 34))
Processing ./artifacts/build/pip-25.3-py3-none-any.whl (from -r /home/runner/work/ibex-fetch-error-observability/ibex-fetch-error-observability/rvfi_nextpc/build-requirements.txt (line 35))
Processing ./artifacts/build/pkginfo-1.13-py3-none-any.whl (from -r /home/runner/work/ibex-fetch-error-observability/ibex-fetch-error-observability/rvfi_nextpc/build-requirements.txt (line 36))
Processing ./artifacts/build/platformdirs-4.12.2-py3-none-any.whl (from -r /home/runner/work/ibex-fetch-error-observability/ibex-fetch-error-observability/rvfi_nextpc/build-requirements.txt (line 37))
Processing ./artifacts/build/poetry-2.2.1-py3-none-any.whl (from -r /home/runner/work/ibex-fetch-error-observability/ibex-fetch-error-observability/rvfi_nextpc/build-requirements.txt (line 38))
Processing ./artifacts/build/poetry_core-2.2.1-py3-none-any.whl (from -r /home/runner/work/ibex-fetch-error-observability/ibex-fetch-error-observability/rvfi_nextpc/build-requirements.txt (line 39))
Processing ./artifacts/build/poetry_dynamic_versioning-1.9.1-py3-none-any.whl (from -r /home/runner/work/ibex-fetch-error-observability/ibex-fetch-error-observability/rvfi_nextpc/build-requirements.txt (line 40))
Processing ./artifacts/build/pycparser-3.0-py3-none-any.whl (from -r /home/runner/work/ibex-fetch-error-observability/ibex-fetch-error-observability/rvfi_nextpc/build-requirements.txt (line 41))
Processing ./artifacts/build/pyproject_hooks-1.3.3-py3-none-any.whl (from -r /home/runner/work/ibex-fetch-error-observability/ibex-fetch-error-observability/rvfi_nextpc/build-requirements.txt (line 42))
Processing ./artifacts/build/python_discovery-1.6.1-py3-none-any.whl (from -r /home/runner/work/ibex-fetch-error-observability/ibex-fetch-error-observability/rvfi_nextpc/build-requirements.txt (line 43))
Processing ./artifacts/build/rapidfuzz-3.14.6-cp312-cp312-manylinux_2_27_x86_64.manylinux_2_28_x86_64.whl (from -r /home/runner/work/ibex-fetch-error-observability/ibex-fetch-error-observability/rvfi_nextpc/build-requirements.txt (line 44))
Processing ./artifacts/build/requests-2.34.2-py3-none-any.whl (from -r /home/runner/work/ibex-fetch-error-observability/ibex-fetch-error-observability/rvfi_nextpc/build-requirements.txt (line 45))
Processing ./artifacts/build/requests_toolbelt-1.0.0-py2.py3-none-any.whl (from -r /home/runner/work/ibex-fetch-error-observability/ibex-fetch-error-observability/rvfi_nextpc/build-requirements.txt (line 46))
Processing ./artifacts/build/secretstorage-3.5.0-py3-none-any.whl (from -r /home/runner/work/ibex-fetch-error-observability/ibex-fetch-error-observability/rvfi_nextpc/build-requirements.txt (line 47))
Processing ./artifacts/build/shellingham-1.5.4-py2.py3-none-any.whl (from -r /home/runner/work/ibex-fetch-error-observability/ibex-fetch-error-observability/rvfi_nextpc/build-requirements.txt (line 48))
Processing ./artifacts/build/tomlkit-0.15.1-py3-none-any.whl (from -r /home/runner/work/ibex-fetch-error-observability/ibex-fetch-error-observability/rvfi_nextpc/build-requirements.txt (line 49))
Processing ./artifacts/build/trove_classifiers-2026.9.21.13-py3-none-any.whl (from -r /home/runner/work/ibex-fetch-error-observability/ibex-fetch-error-observability/rvfi_nextpc/build-requirements.txt (line 50))
Processing ./artifacts/build/typing_extensions-4.16.0-py3-none-any.whl (from -r /home/runner/work/ibex-fetch-error-observability/ibex-fetch-error-observability/rvfi_nextpc/build-requirements.txt (line 51))
Processing ./artifacts/build/urllib3-2.8.0-py3-none-any.whl (from -r /home/runner/work/ibex-fetch-error-observability/ibex-fetch-error-observability/rvfi_nextpc/build-requirements.txt (line 52))
Processing ./artifacts/build/virtualenv-21.14.5-py3-none-any.whl (from -r /home/runner/work/ibex-fetch-error-observability/ibex-fetch-error-observability/rvfi_nextpc/build-requirements.txt (line 53))
Processing ./artifacts/build/zstandard-0.25.0-cp312-cp312-manylinux2014_x86_64.manylinux_2_17_x86_64.whl (from -r /home/runner/work/ibex-fetch-error-observability/ibex-fetch-error-observability/rvfi_nextpc/build-requirements.txt (line 54))
Installing collected packages: trove-classifiers, distlib, zstandard, virtualenv, urllib3, typing-extensions, tomlkit, shellingham, secretstorage, requests-toolbelt, requests, rapidfuzz, python-discovery, pyproject-hooks, pycparser, poetry-dynamic-versioning, poetry-core, poetry, platformdirs, pkginfo, pip, pbs-installer, packaging, msgpack, more-itertools, markupsafe, keyring, jinja2, jeepney, jaraco-functools, jaraco-context, jaraco-classes, installer, idna, httpx, httpcore, h11, findpython, filelock, fastjsonschema, dunamai, dulwich, cryptography, crashtest, cleo, charset-normalizer, cffi, certifi, cachecontrol, build, babel, anyio
  Attempting uninstall: pip
    Found existing installation: pip 24.0
    Uninstalling pip-24.0:
      Successfully uninstalled pip-24.0
Successfully installed anyio-4.15.1 babel-2.17.0 build-1.6.1 cachecontrol-0.14.4 certifi-2026.7.22 cffi-2.1.1 charset-normalizer-3.5.2 cleo-2.1.0 crashtest-0.4.1 cryptography-50.0.2 distlib-0.4.3 dulwich-0.24.10 dunamai-1.26.2 fastjsonschema-2.22.2 filelock-4.0.9 findpython-0.7.1 h11-0.16.0 httpcore-1.0.9 httpx-0.28.1 idna-3.20 installer-0.7.0 jaraco-classes-3.4.0 jaraco-context-6.1.2 jaraco-functools-4.6.0 jeepney-0.9.0 jinja2-3.1.6 keyring-25.7.0 markupsafe-3.0.3 more-itertools-11.1.0 msgpack-1.2.3 packaging-26.3 pbs-installer-2025.12.17 pip-25.3 pkginfo-1.13 platformdirs-4.12.2 poetry-2.2.1 poetry-core-2.2.1 poetry-dynamic-versioning-1.9.1 pycparser-3.0 pyproject-hooks-1.3.3 python-discovery-1.6.1 rapidfuzz-3.14.6 requests-2.34.2 requests-toolbelt-1.0.0 secretstorage-3.5.0 shellingham-1.5.4 tomlkit-0.15.1 trove-classifiers-2026.9.21.13 typing-extensions-4.16.0 urllib3-2.8.0 virtualenv-21.14.5 zstandard-0.25.0
