Collecting fusesoc==2.4.3 (from -r inputs/rvfi_nextpc/requirements.txt (line 3))
  Downloading fusesoc-2.4.3-py3-none-any.whl.metadata (6.5 kB)
Collecting edalize==0.6.2 (from -r inputs/rvfi_nextpc/requirements.txt (line 4))
  Downloading edalize-0.6.2-py3-none-any.whl.metadata (8.1 kB)
Collecting argcomplete==3.6.2 (from -r inputs/rvfi_nextpc/requirements.txt (line 5))
  Downloading argcomplete-3.6.2-py3-none-any.whl.metadata (16 kB)
Collecting attrs==25.3.0 (from -r inputs/rvfi_nextpc/requirements.txt (line 6))
  Downloading attrs-25.3.0-py3-none-any.whl.metadata (10 kB)
Collecting fastjsonschema==2.21.2 (from -r inputs/rvfi_nextpc/requirements.txt (line 7))
  Downloading fastjsonschema-2.21.2-py3-none-any.whl.metadata (2.3 kB)
Collecting Jinja2==3.1.6 (from -r inputs/rvfi_nextpc/requirements.txt (line 8))
  Downloading jinja2-3.1.6-py3-none-any.whl.metadata (2.9 kB)
Collecting MarkupSafe==3.0.2 (from -r inputs/rvfi_nextpc/requirements.txt (line 9))
  Downloading MarkupSafe-3.0.2-cp312-cp312-manylinux_2_17_x86_64.manylinux2014_x86_64.whl.metadata (4.0 kB)
Collecting okonomiyaki==0.17.1 (from -r inputs/rvfi_nextpc/requirements.txt (line 10))
  Downloading okonomiyaki-0.17.1-py2.py3-none-any.whl.metadata (2.4 kB)
Collecting pyparsing==3.2.3 (from -r inputs/rvfi_nextpc/requirements.txt (line 11))
  Downloading pyparsing-3.2.3-py3-none-any.whl.metadata (5.0 kB)
Collecting PyYAML==6.0.2 (from -r inputs/rvfi_nextpc/requirements.txt (line 12))
  Downloading PyYAML-6.0.2-cp312-cp312-manylinux_2_17_x86_64.manylinux2014_x86_64.whl.metadata (2.1 kB)
Collecting simplesat==0.9.2 (from -r inputs/rvfi_nextpc/requirements.txt (line 13))
  Downloading simplesat-0.9.2-py3-none-any.whl.metadata (9.5 kB)
Collecting six==1.17.0 (from -r inputs/rvfi_nextpc/requirements.txt (line 14))
  Downloading six-1.17.0-py2.py3-none-any.whl.metadata (1.7 kB)
Collecting Mako==1.3.10 (from -r inputs/rvfi_nextpc/requirements.txt (line 15))
  Downloading mako-1.3.10-py3-none-any.whl.metadata (2.9 kB)
Collecting packaging==25.0 (from -r inputs/rvfi_nextpc/requirements.txt (line 16))
  Downloading packaging-25.0-py3-none-any.whl.metadata (3.3 kB)
Collecting jsonschema2md (from fusesoc==2.4.3->-r inputs/rvfi_nextpc/requirements.txt (line 3))
  Downloading jsonschema2md-1.7.0.tar.gz (20 kB)
  Installing build dependencies: started
  Installing build dependencies: finished with status 'done'
  Getting requirements to build wheel: started
  Getting requirements to build wheel: finished with status 'done'
  Preparing metadata (pyproject.toml): started
  Preparing metadata (pyproject.toml): finished with status 'done'
Collecting jsonschema>=2.5.1 (from okonomiyaki==0.17.1->-r inputs/rvfi_nextpc/requirements.txt (line 10))
  Downloading jsonschema-4.26.0-py3-none-any.whl.metadata (7.6 kB)
Collecting zipfile2>=0.0.12 (from okonomiyaki==0.17.1->-r inputs/rvfi_nextpc/requirements.txt (line 10))
  Downloading zipfile2-0.0.12-py2.py3-none-any.whl.metadata (574 bytes)
Collecting jsonschema-specifications>=2023.03.6 (from jsonschema>=2.5.1->okonomiyaki==0.17.1->-r inputs/rvfi_nextpc/requirements.txt (line 10))
  Downloading jsonschema_specifications-2025.9.1-py3-none-any.whl.metadata (2.9 kB)
Collecting referencing>=0.28.4 (from jsonschema>=2.5.1->okonomiyaki==0.17.1->-r inputs/rvfi_nextpc/requirements.txt (line 10))
  Downloading referencing-0.37.0-py3-none-any.whl.metadata (2.8 kB)
Collecting rpds-py>=0.25.0 (from jsonschema>=2.5.1->okonomiyaki==0.17.1->-r inputs/rvfi_nextpc/requirements.txt (line 10))
  Downloading rpds_py-2026.6.3-cp312-cp312-manylinux_2_17_x86_64.manylinux2014_x86_64.whl.metadata (4.1 kB)
Collecting babel<3,>=2 (from jsonschema2md->fusesoc==2.4.3->-r inputs/rvfi_nextpc/requirements.txt (line 3))
  Downloading babel-2.18.0-py3-none-any.whl.metadata (2.2 kB)
Collecting markdown<4,>=3 (from jsonschema2md->fusesoc==2.4.3->-r inputs/rvfi_nextpc/requirements.txt (line 3))
  Downloading markdown-3.11-py3-none-any.whl.metadata (5.1 kB)
Collecting typing-extensions>=4.4.0 (from referencing>=0.28.4->jsonschema>=2.5.1->okonomiyaki==0.17.1->-r inputs/rvfi_nextpc/requirements.txt (line 10))
  Using cached typing_extensions-4.16.0-py3-none-any.whl.metadata (3.3 kB)
Downloading fusesoc-2.4.3-py3-none-any.whl (60 kB)
   ━━━━━━━━━━━━━━━━━━━━━━━━━━━━━━━━━━━━━━━━ 60.9/60.9 kB 8.2 MB/s eta 0:00:00
Downloading edalize-0.6.2-py3-none-any.whl (170 kB)
   ━━━━━━━━━━━━━━━━━━━━━━━━━━━━━━━━━━━━━━━━ 170.5/170.5 kB 9.8 MB/s eta 0:00:00
Downloading argcomplete-3.6.2-py3-none-any.whl (43 kB)
   ━━━━━━━━━━━━━━━━━━━━━━━━━━━━━━━━━━━━━━━━ 43.7/43.7 kB 27.3 MB/s eta 0:00:00
Downloading attrs-25.3.0-py3-none-any.whl (63 kB)
   ━━━━━━━━━━━━━━━━━━━━━━━━━━━━━━━━━━━━━━━━ 63.8/63.8 kB 36.1 MB/s eta 0:00:00
Downloading fastjsonschema-2.21.2-py3-none-any.whl (24 kB)
Using cached jinja2-3.1.6-py3-none-any.whl (134 kB)
Downloading MarkupSafe-3.0.2-cp312-cp312-manylinux_2_17_x86_64.manylinux2014_x86_64.whl (23 kB)
Downloading okonomiyaki-0.17.1-py2.py3-none-any.whl (497 kB)
   ━━━━━━━━━━━━━━━━━━━━━━━━━━━━━━━━━━━━━━━━ 497.8/497.8 kB 38.1 MB/s eta 0:00:00
Downloading pyparsing-3.2.3-py3-none-any.whl (111 kB)
   ━━━━━━━━━━━━━━━━━━━━━━━━━━━━━━━━━━━━━━━━ 111.1/111.1 kB 63.7 MB/s eta 0:00:00
Downloading PyYAML-6.0.2-cp312-cp312-manylinux_2_17_x86_64.manylinux2014_x86_64.whl (767 kB)
   ━━━━━━━━━━━━━━━━━━━━━━━━━━━━━━━━━━━━━━━━ 767.5/767.5 kB 59.3 MB/s eta 0:00:00
Downloading simplesat-0.9.2-py3-none-any.whl (249 kB)
   ━━━━━━━━━━━━━━━━━━━━━━━━━━━━━━━━━━━━━━━ 249.1/249.1 kB 112.4 MB/s eta 0:00:00
Downloading six-1.17.0-py2.py3-none-any.whl (11 kB)
Downloading mako-1.3.10-py3-none-any.whl (78 kB)
   ━━━━━━━━━━━━━━━━━━━━━━━━━━━━━━━━━━━━━━━━ 78.5/78.5 kB 45.1 MB/s eta 0:00:00
Downloading packaging-25.0-py3-none-any.whl (66 kB)
   ━━━━━━━━━━━━━━━━━━━━━━━━━━━━━━━━━━━━━━━━ 66.5/66.5 kB 31.9 MB/s eta 0:00:00
Downloading jsonschema-4.26.0-py3-none-any.whl (90 kB)
   ━━━━━━━━━━━━━━━━━━━━━━━━━━━━━━━━━━━━━━━━ 90.6/90.6 kB 61.4 MB/s eta 0:00:00
Downloading zipfile2-0.0.12-py2.py3-none-any.whl (44 kB)
   ━━━━━━━━━━━━━━━━━━━━━━━━━━━━━━━━━━━━━━━━ 44.6/44.6 kB 3.6 MB/s eta 0:00:00
Downloading babel-2.18.0-py3-none-any.whl (10.2 MB)
   ━━━━━━━━━━━━━━━━━━━━━━━━━━━━━━━━━━━━━━━━ 10.2/10.2 MB 117.7 MB/s eta 0:00:00
Downloading jsonschema_specifications-2025.9.1-py3-none-any.whl (18 kB)
Downloading markdown-3.11-py3-none-any.whl (111 kB)
   ━━━━━━━━━━━━━━━━━━━━━━━━━━━━━━━━━━━━━━━━ 111.3/111.3 kB 71.6 MB/s eta 0:00:00
Downloading referencing-0.37.0-py3-none-any.whl (26 kB)
Downloading rpds_py-2026.6.3-cp312-cp312-manylinux_2_17_x86_64.manylinux2014_x86_64.whl (366 kB)
   ━━━━━━━━━━━━━━━━━━━━━━━━━━━━━━━━━━━━━━━ 366.2/366.2 kB 148.1 MB/s eta 0:00:00
Using cached typing_extensions-4.16.0-py3-none-any.whl (45 kB)
Building wheels for collected packages: jsonschema2md
  Building wheel for jsonschema2md (pyproject.toml): started
  Building wheel for jsonschema2md (pyproject.toml): finished with status 'done'
  Created wheel for jsonschema2md: filename=jsonschema2md-1.7.0-cp312-cp312-linux_x86_64.whl size=31455 sha256=a004fcaf50cca0620e2ab4cfd420926c123faf7c4eb83001942c1ccad71a75b6
  Stored in directory: /home/runner/.cache/pip/wheels/32/24/0e/044705bb83e5fc372441e356a18254c55707986f4b654fcfd0
Successfully built jsonschema2md
Installing collected packages: zipfile2, fastjsonschema, typing-extensions, six, rpds-py, PyYAML, pyparsing, packaging, MarkupSafe, markdown, babel, attrs, argcomplete, referencing, Mako, jsonschema2md, Jinja2, jsonschema-specifications, edalize, jsonschema, okonomiyaki, simplesat, fusesoc
Successfully installed Jinja2-3.1.6 Mako-1.3.10 MarkupSafe-3.0.2 PyYAML-6.0.2 argcomplete-3.6.2 attrs-25.3.0 babel-2.18.0 edalize-0.6.2 fastjsonschema-2.21.2 fusesoc-2.4.3 jsonschema-4.26.0 jsonschema-specifications-2025.9.1 jsonschema2md-1.7.0 markdown-3.11 okonomiyaki-0.17.1 packaging-25.0 pyparsing-3.2.3 referencing-0.37.0 rpds-py-2026.6.3 simplesat-0.9.2 six-1.17.0 typing-extensions-4.16.0 zipfile2-0.0.12
